[  00000] itiazig grou ssyss cpuset
[  00000] itializing cgroup subsys cpu
[  000000 Iitiazig cgroup subsys cpuacct
[  000000] Luxersion 4.4.092-gerc (bld@lcy01-17) (gcc version 5.4.0 20160609 (Ubuntu 5.4.0-6ubuntu1~16.04.4) ) #115-Ubuntu SMP Thu Aug 10 09:04:33 UTC 2017 (Ubuntu 4.4.0-92.115-generic 4.4.76)
[    0.000000] Command line: BOOT_IMAGE=/boot/vmlinuz-4.4.0-92-generic root=LABEL=cloudimg-rootfs ro console=tty1 console=ttyS0
[  0000000] KERNEL supported cppus:    0000] Inel GuieIntel
[  00000  AMD AuthenticAMD
[    0.000000]   Centaur CentaurHauls
[  0000000] x86/fpu: xstate_offset[2]:  576, xstate_sizes[2]:  256
[    0.000000] x86/fpu: Supporting XSAVE feature 0x01: 'x87 floating point registers'
[    0.000000] x86/fpu: Supporting XSAVE feature 0x02: 'SSE registers'
[    0.000000] x86/fpu: Supporting XSAVE feature 0x04: 'AVX registers'
[    0.000000] x86/fpu: Enabled xstate features 0x7, context size is 832 bytes, using 'standard' format.
[    0.000000] x86/fpu: Using 'lazy' FPU context switches.
[    0.000000] e820: BIOS-provided physical RAM map:
[    0.000000] BIOS-e820: [mem 0x0000000000000000-0x000000000009fbff] usable
[    0.000000] BIOS-e820: [mem 0x000000000009fc00-0x000000000009ffff] reserved
[    0.000000] BIOS-e820: [mem 0x00000000000f0000-0x00000000000fffff] reserved
[    0.000000] BIOS-e820: [mem 0x0000000000100000-0x00000000dffeffff] usable
[    0.000000] BIOS-e820: [mem 0x00000000dfff0000-0x00000000dfffffff] ACPI data
[    0.000000] BIOS-e820: [mem 0x00000000fec00000-0x00000000fec00fff] reserved
[    0.000000] BIOS-e820: [mem 0x00000000fee00000-0x00000000fee00fff] reserved
[    0.000000] BS-820:[m 0000000ffc00-x00000ffffffff] reserved
[  0.000000] BIOS-e820: [mem 0x0000000100000000-0x000000011fffffff] usable
    0000] NX (Execute Disable) protection: active
[   0.000000] SMBIOS 2.5 present.
[   0.000] Hypervisor detected: KVM
[  000000] e820: last_pfn = 0x120000 maar_pfn 0x400000000
[    0.000000] MTRR: Disabled
[    0.000000] x86/PAT: MTRRs disabled, skipping PAT initialization too.
[    0.000000] x86/PAT: Configuration [0-7]: WB  WT  UC- UC  WB  WT  UC- UC  
[    0.000000] CPU MTRRs all blank - virtualized system.
[    0.000000] e820: last_pfn = 0xdfff0 max_arch_pfn = 0x400000000
[    0.000000] found SMP MP-table at [mem 0x0009fff0-0x0009ffff] mapped at [ffff88000009fff0]
[    0.000000] Scanning 1 areas for low memory corruption
[    0.000000] RAMDISK: [mem 0x36ac8000-0x3755bfff]
[    0.000000] ACPI: Early table checksum verification disabled
[    0.000000] ACPI: RSDP 0x0000000000E0000 000024 (v02 VBOX  )
[  00000 AI: XSDT 0x00000000DFFF0030 00003C (v01 VBOX   VBOXXSDT 00000001 ASL  00000061)
[   .00000] ACPI: FACP 0x0000000FF00F000F4 (v04 VBOX   VBOXFACP 00000001 ASL  00001)
[    0.000000] ACPIDSDT 0x00000000DFFF0480 0021FF (v02 VBOX   VBOXBIOS 00000002 INTL 2010528)
[  0.0000] ACPI: FACS 0x00000000DFFF0200 000040
[    0.000000] ACPI: FACS 0x00000000DFFF0200 000040
[  0.000000] ACPI: PIC 0x00000000DFFF0240 00006C (v02 VBOX   VBOXAPIC 00000001 ASL  00000061)
[    0.000000] AI: SSDT 0x00000000DFFF02B00001CC 01 VBOX   VBOXCPUT 00000002 INTL 20100528)
[   00000 No NUMA configuration found
[    0.000000] Fing a node at [mem 0x0000000000000000-0x000000011fffffff]
[   0.000000] NODE_DATA(0) allocated [mem 0x11fff7000-0x11fffbfff]
[    0.000000] kvm-clock: Using msrs 4b564d01 and 4b564d00
[  0.000000] km-oc: cpu 0, msr 1:1ffe00 priarcp clock
[    0.00000 km-clock: using sched offset of 3643023200 cycles
[  00000 cocksource:vmcloc msk: xffffffffff max_cycles: 0x1cd42e4dffb, max_idle_ns: 881590591483 ns
[   .00000Zoe rge:
[  0.000000]   DMA      [mem 0x0000000000001000-0x0000000000ffffff]
[    0.000000]   DMA32    [mem 0x0000000001000000-0x00000000ffffffff]
[    0.000000]   Normal   [mem 0x0000000100000000-0x000000011fffffff]
[   0.000000]   Device   empty
[    0.000000] Movable zone start for eh node
    0.000000] Early memory node ranges
[   .00000] noe   0: [mem 0x0000000000001000-0x000000000009efff]
[    0.000000]   node   0: [mem 0x0000000000100000-0x00000000dffeffff]
[    0.000000] noe   0 [m 0x000000000000-0x000000011fffffff]
[    000000] Initemsetup node 0 [mem 0x0000000000001000-0x000000011fffffff]
[  0000000] ACPI: PM-Timer IO Port: 0x4008
[  0.000000] IOAPIC[0]: apic_id 4, version 32, address 0xfec00000, GSI 0-23
[    0.000000] ACPI: INT_SRC_OVR (bus 0 bus_irq 0 global_irq 2 dfl dfl)
[    0.000000] ACPI: INT_SRC_OVR (bus 0 bus_irq 9 global_irq 9 low level)
[    0.000000] Using ACPI (MADT) for SMP configuration information
[    0.000000] smpboot: Allowing 4 CPUs, 0 hotplug CPUs
[    0.000000] PM: Registered nosave memory: [mem 0x00000000-0x00000fff]
[    0.000000] PM: Registered nosave memory: [mem 0x0009f000-0x0009ffff]
[    0.000000] PM: Registered nosave memory: [mem 0x000a0000-0x000effff]
[    0.000000] PM: Registered nosave memory: [mem 0x000f0000-0x000fffff]
[    0.000000] PM: Registered nosave memory: [mem 0xdfff0000-0xdfffffff]
[    0.000000] PM: Registered nosave memory: [mem 0xe0000000-0xfebfffff]
[    0.000000] PM: Registered nosave memory: [mem 0xfec00000-0xfec00fff]
[    0.000000] PM: Registered nosave memory: [mem 0xfec01000-0xfedfffff]
[    0.000000] PM: Registered nosave memory: [mem 0xfee00000-0xfee00fff]
[    0.000000] PM: Registered nosave memory: [mem 0xfee01000-0xfffbffff]
[    0.000000] PM: Registered nosave memory: [mem 0xfffc0000-0xffffffff]
[    0.000000] e820: [mem 0xe0000000-0xfebfffff] available for PCI devices
[    0.000000] Booting paravirtualized kernel on KVM
[    0.000000] clocksource: refined-jiffies: mask: 0xffffffff max_cycles: 0xffffffff, max_idle_ns: 7645519600211568 ns
[    0.000000] setup_percpu: NR_CPUS:512 nr_cpumask_bits:512 nr_cpu_ids:4 nr_node_ids:1
[    0.000000] PERCPU: Embedded 33 pages/cpu @ffff88011fc00000 s98264 r8192 d28712 u524288
[    0.000000] PV qspinlock hash table entries: 256 (order: 0, 4096 bytes)
[    0.000000] Built 1 zonelists in Node order, mobility grouping on.  Total pages: 1032057
[    0.000000] Policy zone: Normal
[    0.000000] Kernel command line: BOOT_IMAGE=/boot/vmlinuzz-4.0-92-generic root=LABEL=cloudimg-rootfs ro console=tty1 console=ttyS0
[   0.000000] PID hash table entries: 4096 (order: 3, 32768 bytes)
[   .00000]Mery: 4099K/4193848K available (8474K kernel code, 1294K rwdata, 3984K roda,1488K init, 1316K bss, 161856K reserved, 0K cma-reserved)
[    0.000000] SLUB: HWalign=64, Order=0-3, MinObjeccts=0, CPUs=4, Nodes=1
[    0.000000] Hierarchical RCU implementation.
[    0.000000] 	Build-time adjustment of leaf fanout to 64.
[    0.000000] 	RCU restricting CPUs from NR_CPUS=512 to nr_cpu_ids=4.
[    0.000000] RCU: Adjusting geometry for rcu_fanout_leaf=64, nr_cpu_ids=4
[    0.000000] NR_IRQS:33024 nr_irqs:456 16
[    0.000000] Console: colour VGA+ 80x25
[    0.000000] console [tty1] enabled
[    0.000000] console [ttyS0] enabled
[    0.000000] tsc: Detected 3407.998 MHz processor
[    4.910461] Calibrating delay loop (skipped) preset value.. 6815.99 BogoMIPS (lpj=13631992)
[    4.912940] pid_max: default: 32768 minimum: 301
[    4.914229] ACPI: Core revision 20150930
[    4.916985] AC: 2 ACPI AML tables successfully acquired and loaded
[    4.959917] Security Framework initialized
[    4.971444] Yama: becoming mindful.
[    4.972626] AppArmor: AppArmor initialized
[    4.986955] Dentry cache hash table entries: 524288 (order: 10, 4194304 bytes)
[    5.037436] Inode-cache hash table entries: 262144 (order: 9, 2097152 bytes)
[    5.045731] Mount-cache hash table entries: 8192 (order: 4, 65536 bytes)
[    5.061297] Mountpoint-cache hash table entries: 8192 (order: 4, 65536 bytes)
[    5.079872] Initializing cgroup subsys io
[    5.081052] Initializing cgroup subsys memory
[    5.082100] Initializing cgroup subsys devices
[    5.083253] Initializing cgroup subsys freezer
[    5.084387] Initializing cgroup subsys net_cls
[    5.085657] Initializing cgroup subsys perf_event
[    5.087064] Initializing cgroup subsys net_prio
[    5.088288] Initializing cgroup subsys hugetlb
[    5.091571] Initializing cgroup subsys pids
[    5.092897] CPU: Physical Processor ID: 0
[    5.094089] CPU: Processor Core ID: 0
[    5.096180] mce: CPU supports 0 MCE banks
[    5.099073] Last level iTLB entries: 4KB 64, 2MB 8, 4MB 8
[    5.100122] Last level dTLB entries: 4KB 64, 2MB 0, 4MB 0, 1GB 4
[    5.103398] Freeing SMP alternatives memory: 32K (ffffffff820b9000 - ffffffff820c1000)
[    5.126090] ftrace: allocating 32131 entries in 126 pages
[    5.241563] smpboot: APIC(0) Converting physical 0 to logical package 0
[    5.243323] smpboot: Max logical packages: 1
[    5.253862] x2apic enabled
[    5.261436] Switched APIC routing to physical x2apic.
[    5.277908] ..TIMER: vector=0x30 apic1=0 pin1=2 apic2=-1 pin2=-1
[    5.397942] APIC calibration not consistent with PM-Timer: 108ms instead of 100ms
[    5.415537] APIC delta adjusted to PM-Timer: 6247960 (6747879)
[    5.434206] smpboot: CPU0: Intel(R) Core(TM) i7-6700 CPU @ 3.40GHz (family: 0x6, model: 0x5e, stepping: 0x3)
[    5.496240] Performance Events: unsupported p6 CPU model 94 no PMU driver, software events only.
[    5.561002] KVM setup paravirtual spinlock
[    5.593695] x86: Booting SMP configuration:
[    5.594785] .... node  #0, CPUs:      #1
[    5.609343] kvm-clock: cpu 1, msr 1:1ffef041, secondary cpu clock
[    5.611152] mce: CPU supports 0 MCE banks
[    5.613803]  #2
[    5.614564] kvm-clock: cpu 2, msr 1:1ffef081, secondary cpu clock
[    5.623263] mce: CPU supports 0 MCE banks
[    5.625928]  #3
[    5.626368] kvm-clock: cpu 3, msr 1:1ffef0c1, secondary cpu clock
[    5.649442] mce: CPU supports 0 MCE banks
[    5.672280] x86: Booted up 1 node, 4 CPUs
[    5.673526] smpboot: Total of 4 processors activated (27263.98 BogoMIPS)
[    5.675377] devtmpfs: initialized
[    5.677893] evm: security.selinux
[    5.679007] evm: security.SMACK64
[    5.680196] evm: security.SMACK64EXEC
[    5.688131] evm: security.SMACK64TRANSMUTE
[    5.690594] evm: security.SMACK64MMAP
[    5.691498] evm: security.ima
[    5.692263] evm: security.capability
[    5.700378] clocksource: jiffies: mask: 0xffffffff max_cycles: 0xffffffff, max_idle_ns: 7645041785100000 ns
[    5.709041] futex hash table entries: 1024 (order: 4, 65536 bytes)
[    5.711204] pinctrl core: initialized pinctrl subsystem
[    5.714992] RTC time: 17:06:34, date: 05/06/19
[    5.716204] NET: Registered protocol family 16
[    5.727674] cpuidle: using governor ladder
[    5.747185] cpuidle: using governor menu
[    5.748221] PCCT header not found.
[    5.773332] ACPI: bus type PCI registered
[    5.803294] acpiphp: ACPI Hot Plug PCI Controller Driver version: 0.5
[    5.832923] PCI: Using configuration type 1 for base access
[    5.873293] ACPI: Added _OSI(Module Device)
[    5.887456] ACPI: Added _OSI(Processor Device)
[    5.895130] ACPI: Added _OSI(3.0 _SCP Extensions)
[    5.928272] ACPI: Added _OSI(Processor Aggregator Device)
[    5.942571] ACPI: Executed 1 blocks of module-level executable AML code
[    5.946864] ACPI: Interpreter enabled
[    5.951831] ACPI: (supports S0 S5)
[    5.957972] ACPI: Using IOAPIC for interrupt routing
[    5.959317] PCI: Using host bridge windows from ACPI; if necessary, use "pci=nocrs" and report a bug
[    6.003859] ACPI: PCI Root Bridge [PCI0] (domain 0000 [bus 00-ff])
[    6.027013] acpi PNP0A03:00: _OSC: OS supports [ASPM ClockPM Segments MSI]
[    6.035650] acpi PNP0A03:00: _OSC: not requesting OS control; OS requires [ExtendedConfig ASPM ClockPM MSI]
[    6.085599] acpi PNP0A03:00: fail to add MMCONFIG information, can't access extended PCI configuration space under this bridge.
[    6.134537] PCI host bridge to bus 0000:00
[    6.159718] pci_bus 0000:00: root bus resource [io  0x0000-0x0cf7 window]
[    6.180533] pci_bus 0000:00: root bus resource [io  0x0d00-0xffff window]
[    6.195326] pci_bus 0000:00: root bus resource [mem 0x000a0000-0x000bffff window]
[    6.204133] pci_bus 0000:00: root bus resource [mem 0xe0000000-0xfdffffff window]
[    6.212713] pci_bus 0000:00: root bus resource [bus 00-ff]
[    6.254077] pci 0000:00:01.1: legacy IDE quirk: reg 0x10: [io  0x01f0-0x01f7]
[    6.262209] pci 0000:00:01.1: legacy IDE quirk: reg 0x14: [io  0x03f6]
[    6.278423] pci 0000:00:01.1: legacy IDE quirk: reg 0x18: [io  0x0170-0x0177]
[    6.291532] pci 0000:00:01.1: legacy IDE quirk: reg 0x1c: [io  0x0376]
[    6.342703] pci 0000:00:07.0: quirk: [io  0x4000-0x403f] claimed by PIIX4 ACPI
[    6.382874] pci 0000:00:07.0: quirk: [io  0x4100-0x410f] claimed by PIIX4 SMB
[    6.402061] ACPI: PCI Interrupt Link [LNKA] (IRQs 5 9 10 *11)
[    6.404237] ACPI: PCI Interrupt Link [LNKB] (IRQs 5 9 *10 11)
[    6.406300] ACPI: PCI Interrupt Link [LNKC] (IRQs 5 *9 10 11)
[    6.408313] ACPI: PCI Interrupt Link [LNKD] (IRQs 5 9 10 *11)
[    6.420665] ACPI: Enabled 2 GPEs in block 00 to 07
[    6.446790] vgaarb: setting as boot device: PCI:0000:00:02.0
[    6.454092] vgaarb: device added: PCI:0000:00:02.0,decodes=io+mem,owns=io+mem,locks=none
[    6.496644] vgaarb: loaded
[    6.509789] vgaarb: bridge control possible 0000:00:02.0
[    6.579479] SCSI subsystem initialized
[    6.595131] ACPI: bus type USB registered
[    6.596274] usbcore: registered new interface driver usbfs
[    6.597463] usbcore: registered new interface driver hub
[    6.598632] usbcore: registered new device driver usb
[    6.600079] PCI: Using ACPI for IRQ routing
[    6.601479] NetLabel: Initializing
[    6.616399] NetLabel:  domain hash size = 128
[    6.667484] NetLabel:  protocols = UNLABELED CIPSOv4
[    6.682796] NetLabel:  unlabeled traffic allowed by default
[    6.709603] amd_nb: Cannot enumerate AMD northbridges
[    6.717899] clocksource: Switched to clocksource kvm-clock
[    6.752406] AppArmor: AppArmor Filesystem Enabled
[    6.753629] pnp: PnP ACPI in
  6.12] p:nPCP fnd 3 devices
[    7.288900] clocksource: acpi_pm: mask:0xffff x_cl: ffffff, max_idle_ns: 20701024 n
[   .690791] NET: Registered protocol family 2
[    7.744715] TCP established hash table entries: 32768 (order: 6, 262144 bytes)
[    7.746761] TCP bindastae trs:328 rd:  528 byts)
    8.352746] TCP: Hash tables configured (established 32768ind 32768)
[    8.435580] UDP hash table entries: 2048 (order: 4, 65536 bytes)
[    8.437074] UDP-Lite hash table entries: 2048 (order: 4, 65536 bytes)
[    8.438724] N: gitered protocol family 1
[   878396] pci 0000:00:00.0: Limiting direct PCI/PCI transfers
[   .6859] pci 0000:00:01: Aivating ISA DMA hang workarounds
[    8.887703] Unpacking initramfs...

[   11.29623] Freeing itrmery102Kff883680 -fff88003755c000)[   11.990326] PCI-DMAUsing software bounce buffering for IO (SWIOTLB)
[   12.075571] software IO TLB [mem 0xdbff0000-0xdfff0000] (64MB) mapped at [ffff8800dbff0000-ffff8800dffeffff]
[   12.078402] platform rtc_cmos: registered platform RTC device (no PNP device found)
[   12.080744] Scanning for low memory corruption every 60 seconds
[   12.082887] audit: initializing netlink subsys (disabled
[  123892audit: type=2000 audit(1557162401.054:1): initialized
[  12.311532]niale stm ruedeyring

[   12.713523] HugeTLB registered 2 MB page size, pre-allocated 0 pages
[   12.716099] zbud: loaded
[   12.717158] VFS: Disk quotas dquot_6.6.0
[   12.718172] VFS: Dquot-cache hash table entries: 512 (order 0, 4096 bytes)
[   12.719834] squashfs: version 4.0 (2009/01/31) Phillip Lougher
[   12.721519] fuse init (API versio7.3)
[   18181Keyty big_key registed  3.6818] tsc: Refined TSC cloksurce calibration: 3408.711 MHz
[   13.349272] clocksource: tsc: mask: 0xffffffffffffffff max_cycles: 0x312273959e7, max_idle_ns: 440795229322 ns
[   13.349383] Allocating IMA MOK and blacklist keyrings.
[   13.352354] Key type asymmetric registered
[   13.352356] Asymmetric key parser 'x509' registered
[   13.352398] Block layer SCSI generic (bsg) driver version 0.4 loaded (major 249)
[   13.352481] io scheduler noop registered
[   13.352483] io scheduler deadline registered (default)
[   13.352537] io scheduler cfq registered
[   13.352630] pci_hotplug: PCI Hot Plug PCI Core version: 0.5
[   13.352634] pciehp: PCI Express Hot Plug Controller Driver version: 0.4
[   13.352733] ACPI: AC Adapter [AC] (on-line)
[   13.352775] input: Power Button as /devices/LNXSYSTM:00/LNXPWRBN:00/input/input0
[   13.352777] ACPI: Power Button [PWRF]
[   13.352833] input: Sleep Button as /devices/LNXSYSTM:00/LNXSLPBN:00/input/input1
[   13.352834] ACPI: Sleep Button [SLPF]
[   13.353095] GHES: HEST is not enabled!
[   13.353580] virtio-pci 0000:00:03.0: virtio_pci: leaving for legacy driver
[   13.354146] virtio-pci 0000:00:08.0: virtio_pci: leaving for legacy driver
[   13.354291] Serial: 8250/16550 driver, 32 ports, IRQ sharing enabled
[   13.394346] 00:02: ttyS0 at I/O 0x3f8 (irq = 4, base_baud = 115200) is a 16550A
[   13.402923] Linux agpgart interface v0.103
[   13.421050] loop: module loaded
[   13.422007] scsi host0: ata_piix
[   13.422332] scsi host1: ata_piix
[   13.422398] ata1: PATA max UDMA/33 cmd 0x1f0 ctl 0x3f6 bmdma 0xd000 irq 14
[   13.422399] ata2: PATA max UDMA/33 cmd 0x170 ctl 0x376 bmdma 0xd008 irq 15
[   13.422460] libphy: Fixed MDIO Bus: probed
[   13.422462] tun: Universal TUN/TAP device driver, 1.6
[   13.422463] tun: (C) 1999-2004 Max Krasnyansky <maxk@qualcomm.com>
[   13.422943] PPP generic driver version 2.4.2
[   13.423007] ehci_hcd: USB 2.0 'Enhanced' Host Controller (EHCI) Driver
[   13.423010] ehci-pci: EHCI PCI platform driver
[   13.423017] ehci-platform: EHCI generic platform driver
[   13.423023] ohci_hcd: USB 1.1 'Open' Host Controller (OHCI) Driver
[   13.423026] ohci-pci: OHCI PCI platform driver
[   13.423033] ohci-platform: OHCI generic platform driver
[   13.423039] uhci_hcd: USB Universal Host Controller Interface driver
[   13.423081] i8042: PNP: PS/2 Controller [PNP0303:PS2K,PNP0f03:PS2M] at 0x60,0x64 irq 1,12
[   13.423662] serio: i8042 KBD port at 0x60,0x64 irq 1
[   13.423665] serio: i8042 AUX port at 0x60,0x64 irq 12
[   13.423749] mousedev: PS/2 mouse device common for all mice
[   13.424081] rtc_cmos rtc_cmos: rtc core: registered rtc_cmos as rtc0
[   13.424138] rtc_cmos rtc_cmos: alarms up to one day, 114 bytes nvram
[   13.424143] i2c /dev entries driver
[   13.424181] device-mapper: uevent: version 1.0.3
[   13.424276] device-mapper: ioctl: 4.34.0-ioctl (2015-10-28) initialised: dm-devel@redhat.com
[   13.424307] ledtrig-cpu: registered to indicate activity on CPUs
[   13.424894] input: AT Translated Set 2 keyboard as /devices/platform/i8042/serio0/input/input2
[   13.425595] NET: Registered protocol family 10
[   13.425901] NET: Registered protocol family 17
[   13.425911] Key type dns_resolver registered
[   13.426190] microcode: CPU0 sig=0x506e3, pf=0x2, revision=0x0
[   13.426196] microcode: CPU1 sig=0x506e3, pf=0x2, revision=0x0
[   13.428321] microcode: CPU2 sig=0x506e3, pf=0x2, revision=0x0
[   13.428344] microcode: CPU3 sig=0x506e3, pf=0x2, revision=0x0
[   13.428388] microcode: Microcode Update Driver: v2.01 <tigran@aivazian.fsnet.co.uk>, Peter Oruba
[   13.441510] registered taskstats version 1
[   13.441522] Loading compiled-in X.509 certificates
[   13.442097] Loaded X.509 cert 'Build time autogenerated kernel key: 01a2b0d0dba8d37a863918580fc16590a7d146c8'
[   13.442114] zswap: loaded using pool lzo/zbud
[   13.444007] Key type trusted registered
[   13.447389] Key type encrypted registered
[   13.447406] AppArmor: AppArmor sha1 policy hashing enabled
[   13.447408] ima: No TPM chip found, activating TPM-bypass!
[   13.447420] evm: HMAC attrs: 0x1
[   13.447746]   Magic number: 3:312:137
[   13.458106] rtc_cmos rtc_cmos: setting system clock to 2019-05-06 17:06:42 UTC (1557162402)
[   13.458323] BIOS EDD facility v0.16 2004-Jun-25, 0 devices found
[   13.458324] EDD information not available.
[   14.164829] Freeing unused kernel memory: 1488K (ffffffff81f45000 - ffffffff820b9000)
[   14.167336] Write protecting the kernel read-only data: 14336k
[   14.175750] Freeing unused kernel memory: 1752K (ffff88000184a000 - ffff880001a00000)
[   14.184552] Freeing unused kernel memory: 112K (ffff880001de4000 - ffff880001e00000)
Loading, please wait...
starting version[   14.203136] random: systemd-udevd: uninitialized urandom read (16 bytes read, 5 bits of entropy available)
 229
[   14.207391] random: udevadm: uninitialized urandom read (16 bytes read, 5 bits of entropy available)
[   14.207434] random: udevadm: uninitialized urandom read (16 bytes read, 5 bits of entropy available)
[   14.207696] random: udevadm: uninitialized urandom read (16 bytes read, 5 bits of entropy available)
[   14.207749] random: udevadm: uninitialized urandom read (16 bytes read, 5 bits of entropy available)
[   14.207800] random: udevadm: uninitialized urandom read (16 bytes read, 5 bits of entropy available)
[   14.207852] random: udevadm: uninitialized urandom read (16 bytes read, 5 bits of entropy available)
[   14.207903] random: udevadm: uninitialized urandom read (16 bytes read, 5 bits of entropy available)
[   14.207962] random: udevadm: uninitialized urandom read (16 bytes read, 5 bits of entropy available)
[   14.208019] random: udevadm: uninitialized urandom read (16 bytes read, 5 bits of entropy available)
[   14.269981] virtio_net virtio0 enp0s3: renamed from eth0
[   14.271736] Fusion MPT base driver 3.04.20
[   14.287946] Copyright (c) 1999-2008 LSI Corporation
[   14.294951] Fusion MPT SPI Host driver 3.04.20
[   14.297390] mptbase: ioc0: Initiating bringup
[   14.301348] AVX2 version of gcm_enc/dec engaged.
[   14.303235] virtio_net virtio1 enp0s8: renamed from eth1
[   14.309354] AES CTR mode by8 optimization enabled
[   14.375214] ioc0: LSI53C1030 A0: Capabilities={Initiator}
[   14.525384] input: ImExPS/2 Generic Explorer Mouse as /devices/platform/i8042/serio1/input/input4
[   14.584181] scsi host2: ioc0: LSI53C1030 A0, FwRev=00000000h, Ports=1, MaxQ=256, IRQ=20
[   14.927876] scsi 2:0:0:0: Direct-Access     VBOX     HARDDISK         1.0  PQ: 0 ANSI: 5
[   14.973403] scsi target2:0:0: Beginning Domain Validation
[   14.988828] scsi target2:0:0: Domain Validation skipping write tests
[   15.014599] scsi target2:0:0: Ending Domain Validation
[   15.031114] scsi target2:0:0: asynchronous
[   15.032702] scsi 2:0:1:0: Direct-Access     VBOX     HARDDISK         1.0  PQ: 0 ANSI: 5
[   15.055927] scsi target2:0:1: Beginning Domain Validation
[   15.071540] scsi target2:0:1: Domain Validation skipping write tests
[   15.332638] scsi target2:0:1: Ending Domain Validation
[   15.342076] scsi target2:0:1: asynchronous
[   15.364100] sd 2:0:0:0: Attached scsi generic sg0 type 0
[   15.371807] sd 2:0:0:0: [sda] 20971520 512-byte logical blocks: (10.7 GB/10.0 GiB)
[   15.372636] sd 2:0:1:0: [sdb] 20480 512-byte logical blocks: (10.5 MB/10.0 MiB)
[   15.372896] sd 2:0:1:0: [sdb] Write Protect is off
[   15.373078] sd 2:0:1:0: [sdb] Incomplete mode parameter data
[   15.373080] sd 2:0:1:0: [sdb] Assuming drive cache: write through
[   15.381997] sd 2:0:1:0: Attached scsi generic sg1 type 0
[   15.403186] sd 2:0:0:0: [sda] Write Protect is off
[   15.404925] sd 2:0:0:0: [sda] Incomplete mode parameter data
[   15.406551] sd 2:0:0:0: [sda] Assuming drive cache: write through
[   15.434017]  sda: sda1
[   15.435160] sd 2:0:1:0: [sdb] Attached SCSI disk
[   15.442713] sd 2:0:0:0: [sda] Attached SCSI disk
[   17.294384] floppy0: no floppy controllers found
Begin: Loading e[   18.860424] md: linear personality registered for level -1
ssential drivers ... [   18.886373] md: multipath personality registered for level -4
[   18.897255] md: raid0 personality registered for level 0
[   18.914381] md: raid1 personality registered for level 1
[   18.994355] raid6: sse2x1   gen() 11779 MB/s
[   19.062040] raid6: sse2x1   xor()  8793 MB/s
[   19.134574] raid6: sse2x2   gen() 14398 MB/s
[   19.214142] raid6: sse2x2   xor()  9750 MB/s
[   19.281975] raid6: sse2x4   gen() 16032 MB/s
[   19.350040] raid6: sse2x4   xor() 10349 MB/s
[   19.430125] raid6: avx2x1   gen() 20693 MB/s
[   19.510045] raid6: avx2x2   gen() 17197 MB/s
[   19.593982] raid6: avx2x4   gen() 26763 MB/s
[   19.623338] raid6: using algorithm avx2x4 gen() 26763 MB/s
[   19.650936] raid6: using avx2x2 recovery algorithm
[   19.697824] xor: automatically using best checksumming function:
[   19.754439]    avx       : 25971.000 MB/sec
[   19.764320] async_tx: api initialized (async)
[   19.785139] md: raid6 personality registered for level 6
[   19.793588] md: raid5 personality registered for level 5
[   19.802989] md: raid4 personality registered for level 4
[   19.810433] md: raid10 personality registered for level 10
done.
Begin: Running /scripts/init-premount ... done.
Begin: Mounting root file system ... Begin: Run[   19.885560] Btrfs loaded
ning /scripts/local-top ... done.
Begin: Running /scripts/local-premount ... Scanning for Btrfs filesystems
done.
Warning: fsck not present, so skipping root file system
[   19.948992] EXT4-fs (sda1): mounted filesystem with ordered data mode. Opts: (null)
done.
Begin: Running /scripts/local-bottom ... done.
Begin: Running /scripts/init-bottom ... done.
[ 20.50808 rndom: nonblocking pool is initialized
[   20.728624] systemd[1]: systemd 229 running in system mode. (+PAM +AUDIT +SELINUX +IMA +APPARMOR +SMACK +SYSVINIT +UTMP +LIBCRYPTSETUP +GCRYPT +GNUTLS +ACL +XZ -LZ4 +SECCOMP +BLKID +ELFUTILS +KMOD -IDN)
[   20.854568] systemd[1]: Detected virtualization oracle.
[   20.868821] systemd[1]: Detected architecture x86-64.

Welcome to [1mUbuntu 16.04.3 LTS[0m!

[   20.951187] systemd[1]: Set hostne  <unu>.

[   21.215376] systemd[1]: Initializing machine ID from random generator.
[   21.216645] systemd[1]: Installed trasit /etc/macne-ifi.
[   22.282688] systemd[1]: Created slice User and Session Slice.
[[0;32m  OK  [0m] Created slice User and Session Slice.
[   22.285040] systemd[1]: Listening on udev Control Socket.
[[0;32m  OK  [0m] Listening on udev Control Socket.
[   22.287294] systemd[1]: Listening on Journal Audit Socket.
[[0;32m  OK  [0m] Listening on Journal Audit Socket.
[   22.289449] systemd[1]: Listening on /dev/initctl Compatibility Named Pipe.
[[0;32m  OK  [0m] Listening on /dev/initctl Compatibility Named Pipe.
[   2.46] ystemd[1]: Listening on Journal Socket (/dev/log).
[[0;32m  OK  [0m] Listening on Journal Socket (/dev/log).
[   22.654685] systemd[1]: Reached target Swap.
[[0;32m  OK  [0m] Reached target Swap.
[ 22103]systemd[1]: Rech tgeEncrypted Volumes.
[[0;32m  OK  [0m] Reached target Encrypted Volumes.
[   23.149409] systemd[1]: Listening on LVM2 metadata daemon socket.
[[0;32m  OK  [0m] Listening on LVM2 metadata daemon socket.
[   23.158527] systemd[1]: Started Forward Password Requests to Wall Directory Watch.
[[0;32m  OK  [0m] Started Forward Password Requests to Wall Directory Watch.
[   23.174162] systemd[1]: Listening on Device-mapper event daemon FIFOs.
[[0;32m  OK  [0m] Listening on Device-mapper event daemon FIFOs.
[ 23.339153] systemd[1]: Created slice System Slice.
[[0;32m  OK  [0m] Created slice System Slice.
[ 234092] ste[1 Rch tge Slices.
[[0;32m  OK  [0m] Reached target Slices.
[ 23596]systemd[1] Ltenng on Syslog Socket

[[0;32m  OK  [0m] Listening on Syslog Socket.
[   24.327328] systemd[1]: Listening on udev Kernel Socket.
[[0;32m  OK  [0m] Listening on udev Kernel Socket.
[ 24.438336] systed[: Started Trigger resolvcon uate oretrkd NS.

[[0;32m  OK  [0m] Started Trigger resolvconf update for networkd DNS.
[ 24708]syem1]: t  auomnt Arbitrary Executable File Formats File System Automount Point.
[[0;32m  OK  [0m] Set up automount Arbitrary Executab...ats File System Automount Point.
[   25.352828] systemd[1]: Listening on Journal Socket.
[[0;32m  OK  [0m] Listening on Journal Socket.
[   25.366409] systemd[1]: Starting Nameserver information manager...
         Starting Nameserver information manager...
[   25.450620] systemd[1]: Mounting Huge Pages File System...
         Mounting Huge Pages File System...
[   25.507776] systemd[1]: Mounting Debug File System...
         Mounting Debug File System...
[   25.554519] systemd[1]: Starting Load Kernel Modules...
[   25.659128] Loading iSCSI transport class v2.0-870.
         Starting Load Kernel Modules...
[   25.716140] iscsi: registered transport (tcp)
[   25.770457] systemd[1]: Starting Monitoring of LVM2 mirrors, snapshots etc. using dmeventd or progress polling...
         Starting Monitoring of LVM2 mirrors... dmeventd or progress polling...
[   25.882136] systemd[1]: Starting Set console keymap...
         Starting Set console keymap...
[   25.890163] systemd[1]: Starting Remount Root and Kernel File Systems...
         Starting Remount Root and Kernel File Systems...
[   25.893301] systemd[1]: Starting Journal Service...
         Starting Journal Service...
[   25.941459] EXT4-fs (sda1): re-mounted. Opts: (null)
[   25.946454] systemd[1]: Starting Create list of required static device nodes for the current kernel...
         Startin[   25.995996] iscsi: registered transport (iser)
g Create list of required st... nodes for the current kernel...
[   26.054601] systemd[1]: Mounting POSIX Message Queue File System...
         Mounting POSIX Message Queue File System...
[   26.106611] systemd[1]: Listening on LVM2 poll daemon socket.
[[0;32m  OK  [0m] Listening on LVM2 poll daemon socket.
[   26.198153] systemd[1]: Starting Uncomplicated firewall...
         Starting Uncomplicated firewall...
[   26.270600] systemd[1]: Reached target User and Group Name Lookups.
[[0;32m  OK  [0m] Reached target User and Group Name Lookups.
[  26.359199]ysem1]: Created slice system-serial\x2dgetty.slice.
[[0;32m  OK  [0m] Created slice system-serial\x2dgetty.slice.
[   26.611426] systemd[1]: Mounted Debug File System.
[[0;32m  OK  [0m] Mounted Debug File System.
[ 266763syemd[1]: Mounted POSIX Message Queue File System.
[[0;32m  OK  [0m] Mounted POSIX Message Queue File System.
[   26.951142] systemd[1]: Mounted Huge Pages File System.
[[0;32m  OK  [0m] Mounted Huge Pages File System.
[   26.953572] systemd[1]: Started Journal Service.
[[0;32m  OK  [0m] Started Journal Service.
[[0;32m  OK  [0m] Started Load Kernel Modules.
[[0;32m  OK  [0m] Started Set console keymap.
[[0;32m  OK  [0m] Started Remount Root and Kernel File Systems.
[[0;32m  OK  [0m] Started Create list of required sta...ce nodes for the current kernel.
[[0;32m  OK  [0m] Started Uncomplicated firewall.
[[0;32m  OK  [0m] Started Nameserver information manager.
[[0;32m  OK  [0m] Started LVM2 metadata daemon.
         Starting Create Static Device Nodes in /dev...
         Starting udev Coldplug all Devices...
         Starting Initial cloud-init job (pre-networking)...
         Starting Load/Save Random Seed...
         Starting Apply Kernel Variables...
         Mounting FUSE Control File System...
         Starting Flush Journal to Persistent Storage...
[[0;32m  OK  [0m] Mounted FUSE Control File System.
[[0;32m  OK  [0m] Started Load/Save Random Seed.
[[0;32m  OK  [0m] Started Monitoring of LVM2 mirrors,...ng dmeventd or progress polling.
[[0;32m  OK  [0m] Started Create Static Device Nodes in /dev.
[[0;32m  OK  [0m] Started Apply Kernel Variables.
[[0;32m  OK  [0m] Started udev Coldplug all Devices.
         Starting udev Kernel Device Manager...
[[0;32m  OK  [0m] Started Flush Journal to Persistent Storage.
[[0;32m  OK  [0m] Started udev Kernel Device Manager.
[[0;32m  OK  [0m] Reached target Local File Systems (Pre).
[[0;32m  OK  [0m] Reached target Local File Systems.
         Starting Commit a transient machine-id on disk...
         Starting Set console font and keymap...
         Starting LSB: AppArmor initialization...
         Starting Tell Plymouth To Write Out Runtime Data...
         Starting Create Volatile Files and Directories...
[[0;32m  OK  [0m] Started Dispatch Password Requests to Console Directory Watch.
[[0;32m  OK  [0m] Started Commit a transient machine-id on disk.
[[0;32m  OK  [0m] Found device /dev/ttyS0.
[[0;32m  OK  [0m] Started Create Volatile Files and Directories.
[[0;32m  OK  [0m] Started Tell Plymouth To Write Out Runtime Data.
[[0;32m  OK  [0m] Listening on Load/Save RF Kill Switch Status /dev/rfkill Watch.
         Starting Update UTMP about System Boot/Shutdown...
[[0;32m  OK  [0m] Reached target System Time Synchronized.
[[0;32m  OK  [0m] Started Update UTMP about System Boot/Shutdown.
[[0;32m  OK  [0m] Started Set console font and keymap.
[[0;32m  OK  [0m] Created slice system-getty.slice.
[[0;32m  OK  [0m] Started LSB: AppArmor initialization.
[   25.653457] cloud-init[463]: Cloud-init v. 0.7.9 running 'init-local' at Mon, 06 May 2019 17:07:00 +0000. Up 25.21 seconds.
[[0;32m  OK  [0m] Started Initial cloud-init job (pre-networking).
[[0;32m  OK  [0m] Reached target Network (Pre).
         Starting Raise network interfaces...
[[0;32m  OK  [0m] Started Raise network interfaces.
         Starting Initial cloud-init job (metadata service crawler)...
[[0;32m  OK  [0m] Reached target Network.
[   28.477952] cloud-init[973]: Cloud-init v. 0.7.9 running 'init' at Mon, 06 May 2019 17:07:01 +0000. Up 26.67 seconds.
[   28.497972] cloud-init[973]: ci-info: ++++++++++++++++++++++++++++++++++++++Net device info++++++++++++++++++++++++++++++++++++++
[   28.554356] [[0;32m  OK  [0m] Started Initial cloud-init job (metadata service crawler).
cloud-init[[0;32m  OK  [0m] Reached target Network is Online.
[973]: ci-info: +--------+-------+----------------------------+---------------+-------+-------------------+
[   28.625891]          Starting iSCSI initiator daemon (iscsid)...
[[0;32m  OK  [0m] Reached target System Initialization.
cloud-init[973]: ci-info: | Device |   Up  |          Address           |      Mask     | Scope |     Hw-Address    |
[   28.692454]          Starting Socket activation for snappy daemon.
[[0;32m  OK  [0m] Listening on UUID daemon activation socket.
cloud-init[973]: ci-info: +--------+-------+----------------------------+---------------+-------+-------------------+
[   28.828926] [cloud-init[0;32m  OK  [0m[973]: ] ci-info: | enp0s3 |  True |         10.0.2.15          | 255.255.255.0 |   .   | 02:21:85:d0:49:10 |Started ACPI Events Check.

[[0;32m  OK  [0m] Reached target Paths.
[   28.829457] cloud-init[973]: ci-info: | enp0s3 |  True | fe80::21:85ff:fed0:4910/64 |       .       |  link | 02:21:85:d0:49:10 |
[   29.533196] cloud-init[[0;32m  OK  [0m] Started Timer to automatically refresh installed snaps.
[[0;32m  OK  [0m] Started Daily Cleanup of Temporary Directories.
[[0;32m  OK  [0m] Listening on D-Bus System Message Bus Socket.
[973]: ci-info: | enp0s8 | False |             .              |       .       |   .   | 08:00:27:e4:af:1d |
[   29.752995]          Starting LXD - unix socket.
[[0;32m  OK  [0m] Listening on ACPID Listen Socket.
[[0;32m  OK  [0m] Started Daily apt download activities.
[[0;32m  OK  [0m] Started Daily apt upgrade and clean activities.
[[0;32m  OK  [0m] Reached target Timers.
[[0;32m  OK  [0m] Reached target Cloud-config availability.
cloud-init[973]: ci-info: |   lo   |  True |         127.0.0.1          |   255.0.0.0   |   .   |         .         |
[   29.829010] [[0;32m  OK  [0m] Listening on Socket activation for snappy daemon.
[[0;32m  OK  [0m] Listening on LXD - unix socket.
cloud-init[973]: ci-info: |   lo   |  True |          ::1/128           |       .       |  host |         .         |
[   29.851061] [[0;32m  OK  [0m] Started iSCSI initiator daemon (iscsid).
cloud-init[973]: ci-info: +--------+-------+----------------------------+---------------+-------+-------------------+
[   29.854941] cloud-init[973]: ci-info: +++++++++++++++++++++++++++Route IPv4 info++++++++++++++++++++++++++++
[   29.858920] cloud-init[973]: ci-info: +-------+-------------+----------+---------------+-----------+-------+
[   29.918100]          Starting Login to default iSCSI targets...
[[0;32m  OK  [0m] Reached target Sockets.
cloud-init[973]: ci-info: | Route | Destination | Gateway  |    Genmask    | Interface | Flags |
[   30.093975] [cloud-init[0;32m  OK  [0m[973]: ] ci-info: +-------+-------------+----------+---------------+-----------+-------+Reached target Basic System.

[   30.094519] cloud-init[973]: ci-info: |   0   |   0.0.0.0   | 10.0.2.2 |    0.0.0.0    |   enp0s3  |   UG  |
[   30.236610] cloud-init[973]: ci-info: |   1   |   10.0.2.0  | 0.0.0.0  | 255.255.255.0 |   enp0s3  |   U   |
[   30.238574] cloud-init[973]: ci-info: +-------+-------------+----------+---------------+-----------+-------+
[   30.240623] cloud-init[973]: Generating public/private rsa key pair.
[   30.317251] [[0;32m  OK  [0m] Started FUSE filesystem for LXC.
[[0;32m  OK  [0m] Started Unattended Upgrades Shutdown.
         Starting Apply the settings specified in cloud-config...
cloud-init[973]: Your identification has been saved in /etc/ssh/ssh_host_rsa_key.
[   30.322745]          cloud-initStarting /etc/rc.local Compatibility...[973]: 
Your public key has been saved in /etc/ssh/ssh_host_rsa_key.pub.
[   30.326068] cloud-init[973]: The key fingerprint is:
[   30.327681] cloud-init[973]: SHA256:Vqb+d2O01dcw3/QJb6pJybWJxeEmoLrYVo/bjnMpbNo root@ubuntu-xenial
[   30.329722] [[0;32m  OK  [0m] Started Snappy daemon.
         Starting Login Service...
         Starting LSB: Record successful boot for GRUB...
cloud-init[973]: The key's randomart image is:
[   30.335471] cloud-init[973]: +---[RSA 2048]----+
[   30.360325] cloud-init[973]: |                 |
[   30.384649] [[0;32m  OK  [0m] Started ACPI event daemon.
cloud-init[973]: |                 |
[   30.439751] cloud-init[973]: |         .o  .   |
         Starting Pollinate to seed the pseudo random number generator...
[   30.457276] cloud-init[973]: |        .+. o.+ .|
[   30.508249] [[0;32m  OK  [0m] Started D-Bus System Message Bus.
cloud-init[973]: |       .S  . *o=*|
[   30.512050] cloud-init[973]: |      .+  . B ++O|
[   30.513683] cloud-init[973]: |     .o + .= +oo.|
[   30.515177] cloud-init[973]: |    o.o*o=. o.=  |
[   30.532909] cloud-init[973]: |   ..+oE*o.+.o . |
[   30.537851] cloud-init[973]: +----[SHA256]-----+
[   30.540860] cloud-init[973]: Generating public/private dsa key pair.
[   30.542866] cloud-init[973]: Your identification has been saved in /etc/ssh/ssh_host_dsa_key.
[   30.550767] cloud-init[973]: Your public key has been saved in /etc/ssh/ssh_host_dsa_key.pub.
[   30.579729] cloud-init[973]: The key fingerprint is:
[   30.581253] cloud-init[973]: SHA256:YRczCWN0QGX7v+gclpX6UzC1V2zcwYeP5497mh3NbP4 root@ubuntu-xenial
[   30.583146] cloud-init[973]: The key's randomart image is:
[   30.584653] cloud-init[973]: +---[DSA 1024]----+
[   30.586282] cloud-init[973]: |       oB+B.  .=o|
[   30.588317] cloud-init[973]: |       . +.=  ..O|
[   30.589910] cloud-init[973]: |        o o    =+|
[   30.591437] cloud-init[973]: |       . o .  +o+|
[   30.632943] cloud-init[973]: |        S   . o=.|
[   30.640148] cloud-init[973]: |             = o+|
[   30.664738] cloud-init[973]: |            = .+*|
[   30.666477] cloud-init[973]: |           o +o*+|
[   30.668327] cloud-init[973]: |           .+ *=E|
[   30.670067] cloud-init[973]: +----[SHA256]-----+
[   30.677472] cloud-init[973]: Generating public/private ecdsa key pair.
[   30.716961] cloud-init[973]: Your identification has been saved in /etc/ssh/ssh_host_ecdsa_key.
[   30.724153] cloud-init[973]: Your public key has been saved in /etc/ssh/ssh_host_ecdsa_key.pub.
[   30.744594] cloud-init[973]: The key fingerprint is:
[   30.746009] cloud-init[973]: SHA256:BTPCcYrb4GbwKk9ojLK6LJ96umBWwP4e+DNV+2TEoI0 root@ubuntu-xenial
[   30.748294] cloud-init[973]: The key's randomart image is:
[   30.766935] cloud-init[973]: +---[ECDSA 256]---+
[   30.796354] cloud-init[973]: |     .o.=        |
[   30.797430] cloud-init[973]: |.    ..= +       |
[   30.826730] cloud-init[973]: | o. o = o .      |
[   30.856898] cloud-init[973]: |. .+ E o +       |
[   30.884230] cloud-init[973]: | . .* o S        |
[   30.904773] cloud-init[973]: |o.++ . . o       |
[   30.936897] cloud-init[973]: |**oo.   +        |
[   30.937962] cloud-init[973]: |O=++.    .       |
[   30.948965] cloud-init[973]: |XO+oo            |
[   31.004363] cloud-init[973]: +----[SHA256]-----+
[   31.028877] cloud-init[973]: Generating public/private ed25519 key pair.
[   31.069186] cloud-init[973]: Your identification has been saved in /etc/ssh/ssh_host_ed25519_key.
[   31.107565] cloud-init[973]: Your public key has been saved in /etc/ssh/ssh_host_ed25519_key.pub.
[   31.220421]          cloud-initStarting LSB: MD monitoring daemon...[973]: 
The key fingerprint is:
[   31.297978] [cloud-init[0;32m  OK  [0m[973]: ] SHA256:MxCtON3GoCrSYOIGplPOmjpX0FoDQIxoLkkkJCa/YKI root@ubuntu-xenialStarted Regular background program processing daemon.

[   31.298300] cloud-init[973]: The key's randomart image is:
[   31.360278]          cloud-initStarting LXD - container startup/shutdown...[973]: 
+--[ED25519 256]--+
[   31.395672]          cloud-initStarting Accounts Service...[973]: 
|%*    ..         |
[   31.401604] cloud-init[973]: |B=.   ...        |
[   31.403626] cloud-init[973]: |*o.o +.=         |
[   31.456783]          cloud-initStarting System Logging Service...[973]: 
|X=o.B o.+        |
[   31.525339] [cloud-init[0;32m  OK  [0m[973]: ] |E*.= o .S        |Started Deferred execution scheduler.

[   31.525694] cloud-init[973]: |=o* .    o       |
[   31.628899]          cloud-initStarting Auto import assertions from block devices...[973]: 
|o= .             |
[   31.653474] [cloud-init[0;32m  OK  [0m[973]: ] |+ .              |Started /etc/rc.local Compatibility.

[   31.653801] cloud-init[973]: |oo               |
[   31.689705] [cloud-init[0;32m  OK  [0m[973]: ] +----[SHA256]-----+Started Auto import assertions from block devices.

[   31.692991] cloud-init[1074]: Generating locales (this might take a while)...
[[0;32m  OK  [0m] Started Login Service.
[[0;32m  OK  [0m] Started LSB: Record successful boot for GRUB.
[[0;32m  OK  [0m] Started Login to default iSCSI targets.
[[0;32m  OK  [0m] Started LSB: MD monitoring daemon.
[[0;32m  OK  [0m] Reached target Remote File Systems (Pre).
[[0;32m  OK  [0m] Reached target Remote File Systems.
         Starting LSB: VirtualBox Linux Additions...
         Starting Permit User Sessions...
         Starting LSB: Set the CPU Frequency Scaling governor to "ondemand"...
         Starting LSB: daemon to balance interrupts for SMP systems...
         Starting LSB: automatic crash report generation...
[[0;32m  OK  [0m] Started System Logging Service.
[[0;32m  OK  [0m] Started Permit User Sessions.
         Starting Terminate Plymouth Boot Screen...
         Starting Hold until boot process finishes up...
[[0;32m  OK  [0m] Started LSB: Set the CPU Frequency Scaling governor to "ondemand".
[[0;32m  OK  [0m] Started Terminate Plymouth Boot Screen.
[[0;32m  OK  [0m] Started Hold until boot process finishes up.
[[0;32m  OK  [0m] Started Getty on tty1.
         Starting Set console scheme...
[[0;32m  OK  [0m] Started Serial Getty on ttyS0.
[[0;32m  OK  [0m] Reached target Login Prompts.
[[0;32m  OK  [0m] Started LSB: daemon to balance interrupts for SMP systems.
[[0;32m  OK  [0m] Started LSB: automatic crash report generation.
[[0;32m  OK  [0m] Started Set console scheme.
         Starting Authenticate and Authorize Users to Run Privileged Tasks...
[[0;32m  OK  [0m] Started LSB: VirtualBox Linux Additions.
[[0;32m  OK  [0m] Started Authenticate and Authorize Users to Run Privileged Tasks.
[[0;32m  OK  [0m] Started Accounts Service.
[   35.091023] cloud-init[1074]:   en_US.UTF-8... done
[   35.133345] cloud-init[1074]: Generation complete.
[[0;32m  OK  [0m] Started Pollinate to seed the pseudo random number generator.
         Starting OpenBSD Secure Shell server...
[[0;32m  OK  [0m] Started OpenBSD Secure Shell server.
[[0;32m  OK  [0m] Started LXD - container startup/shutdown.
[[0;32m  OK  [0m] Reached target Multi-User System.
[[0;32m  OK  [0m] Reached target Graphical Interface.
         Starting Update UTMP about System Runlevel Changes...
[[0;32m  OK  [0m] Started Update UTMP about System Runlevel Changes.
         Stopping OpenBSD Secure Shell server...
[[0;32m  OK  [0m] Stopped OpenBSD Secure Shell server.
         Starting OpenBSD Secure Shell server...
[[0;32m  OK  [0m] Started OpenBSD Secure Shell server.
[[0;32m  OK  [0m] Created slice User Slice of ubuntu.
         Starting User Manager for UID 1000...
[[0;32m  OK  [0m] Started Session 1 of user ubuntu.
[[0;32m  OK  [0m] Started User Manager for UID 1000.
[   37.847717] cloud-init[1074]: Cloud-init v. 0.7.9 running 'modules:config' at Mon, 06 May 2019 17:07:05 +0000. Up 30.69 seconds.
[[0;32m  OK  [0m] Started Apply the settings specified in cloud-config.
         Starting Execute cloud user/final scripts...
ci-info: no authorized ssh keys fingerprints found for user ubuntu.
<14>May  6 17:07:13 ec2: 
<14>May  6 17:07:13 ec2: #############################################################
<14>May  6 17:07:13 ec2: -----BEGIN SSH HOST KEY FINGERPRINTS-----
<14>May  6 17:07:13 ec2: 1024 SHA256:YRczCWN0QGX7v+gclpX6UzC1V2zcwYeP5497mh3NbP4 root@ubuntu-xenial (DSA)
<14>May  6 17:07:13 ec2: 256 SHA256:BTPCcYrb4GbwKk9ojLK6LJ96umBWwP4e+DNV+2TEoI0 root@ubuntu-xenial (ECDSA)
<14>May  6 17:07:13 ec2: 256 SHA256:MxCtON3GoCrSYOIGplPOmjpX0FoDQIxoLkkkJCa/YKI root@ubuntu-xenial (ED25519)
<14>May  6 17:07:13 ec2: 2048 SHA256:Vqb+d2O01dcw3/QJb6pJybWJxeEmoLrYVo/bjnMpbNo root@ubuntu-xenial (RSA)
<14>May  6 17:07:13 ec2: -----END SSH HOST KEY FINGERPRINTS-----
<14>May  6 17:07:13 ec2: #############################################################
-----BEGIN SSH HOST KEY KEYS-----
ecdsa-sha2-nistp256 AAAAE2VjZHNhLXNoYTItbmlzdHAyNTYAAAAIbmlzdHAyNTYAAABBBIMzp40vx0REeUEZsK93qcWHlE64glmvVzJkfNL67aOAXNfi2vJ+Ud20l5m8Jm0SrqMz5TatwE+JqyOyumF94Ng= root@ubuntu-xenial
ssh-ed25519 AAAAC3NzaC1lZDI1NTE5AAAAIB+lr++599uN4jvJWKUREgWSLHWgM75sr374wf2sP7Nc root@ubuntu-xenial
ssh-rsa AAAAB3NzaC1yc2EAAAADAQABAAABAQDpYsWiuhHbiLKZ+XT1qiNCPvhkzDGvf4hOwFsCeW+jnAqY1jSEuBEEdmHmQilOCDeN7fkgWuTaK1c8VFXGD5+xdPAlmZMsG+tDyTnotQFbkpe7rn09tzstJjeLkkIG8OYt66w1zpWwBmB991WoXqxzs+KkHNhTWflbXv2PHVpvJxPDUdDWDXtGY/EbPu07D4c6mp3BZxdQn1HpHdzy+5Y+7L/nSBZXDs83eMMmd1PbSa+uHZ7QEpvlBr1ZTKDQyNNPc1CyRpy06Rd/d3M5BZpUwaa4Z9xp/0IMhO2M1O0aZsDuM0BkkuMP0kQ2JpdR5mxavVWV1yH1g5+hwS38TLob root@ubuntu-xenial
-----END SSH HOST KEY KEYS-----
[   38.610222] cloud-init[1350]: Cloud-init v. 0.7.9 running 'modules:final' at Mon, 06 May 2019 17:07:13 +0000. Up 38.30 seconds.
[   38.610407] cloud-init[1350]: ci-info: no authorized ssh keys fingerprints found for user ubuntu.
[   38.610495] cloud-init[1350]: Cloud-init v. 0.7.9 finished at Mon, 06 May 2019 17:07:13 +0000. Datasource DataSourceNoCloud [seed=/dev/sdb][dsmode=net].  Up 38.60 seconds

Ubuntu 16.04.3 LTS ubuntu-xenial ttyS0

ubuntu-xenial login: 